Component: ARM Compiler 5.06 update 7 (build 960) Tool: armlink [4d3601]

==============================================================================

Section Cross References

    startup_lpc17xx.o(STACK) refers (Special) to heapauxi.o(.text) for __use_two_region_memory
    startup_lpc17xx.o(HEAP) refers (Special) to heapauxi.o(.text) for __use_two_region_memory
    startup_lpc17xx.o(RESET) refers (Special) to heapauxi.o(.text) for __use_two_region_memory
    startup_lpc17xx.o(RESET) refers to startup_lpc17xx.o(STACK) for __initial_sp
    startup_lpc17xx.o(RESET) refers to startup_lpc17xx.o(.text) for Reset_Handler
    startup_lpc17xx.o(RESET) refers to irq_timer.o(.text) for TIMER0_IRQHandler
    startup_lpc17xx.o(RESET) refers to irq_adc.o(.text) for ADC_IRQHandler
    startup_lpc17xx.o(RESET) refers to irq_rit.o(.text) for RIT_IRQHandler
    startup_lpc17xx.o(.ARM.__at_0x02FC) refers (Special) to heapauxi.o(.text) for __use_two_region_memory
    startup_lpc17xx.o(.text) refers (Special) to heapauxi.o(.text) for __use_two_region_memory
    startup_lpc17xx.o(.text) refers to __main.o(!!!main) for __main
    startup_lpc17xx.o(.text) refers to startup_lpc17xx.o(HEAP) for Heap_Mem
    startup_lpc17xx.o(.text) refers to startup_lpc17xx.o(STACK) for Stack_Mem
    sample.o(.text) refers to system_lpc17xx.o(.text) for SystemInit
    sample.o(.text) refers to glcd.o(.text) for LCD_Initialization
    sample.o(.text) refers to lib_joystick.o(.text) for joystick_init
    sample.o(.text) refers to touchpanel.o(.text) for TP_Init
    sample.o(.text) refers to lib_rit.o(.text) for init_RIT
    sample.o(.text) refers to lib_timer.o(.text) for init_timer
    sample.o(.text) refers to utils.o(.text) for Draw_Overlay_Happy
    sample.o(.text) refers to lib_adc.o(.text) for ADC_init
    sample.o(.text) refers to utils.o(.data) for happiness
    sample.o(.text) refers to sample.o(.constdata) for Nigiri
    system_lpc17xx.o(.text) refers to system_lpc17xx.o(.data) for SystemFrequency
    irq_timer.o(.text) refers to utils.o(.text) for Draw_Age
    irq_timer.o(.text) refers to glcd.o(.text) for LCD_DrawRectangle
    irq_timer.o(.text) refers to lib_timer.o(.text) for enable_timer
    irq_timer.o(.text) refers to lib_rit.o(.text) for enable_RIT
    irq_timer.o(.text) refers to utils.o(.data) for seconds
    irq_timer.o(.text) refers to irq_timer.o(.constdata) for Nigiri
    irq_timer.o(.text) refers to irq_timer.o(.data) for go_back
    irq_timer.o(.text) refers to dflt_clz.o(x$fpl$dflt) for __aeabi_i2d
    irq_timer.o(.text) refers to dmul.o(x$fpl$dmul) for __aeabi_dmul
    irq_timer.o(.text) refers to dfixu.o(x$fpl$dfixu) for __aeabi_d2uiz
    utils.o(.text) refers to _printf_pad.o(.text) for _printf_pre_padding
    utils.o(.text) refers to _printf_truncate.o(.text) for _printf_truncate_unsigned
    utils.o(.text) refers to _printf_percent.o(.ARM.Collect$$_printf_percent$$00000000) for _printf_percent
    utils.o(.text) refers to _printf_d.o(.ARM.Collect$$_printf_percent$$00000009) for _printf_d
    utils.o(.text) refers to _printf_i.o(.ARM.Collect$$_printf_percent$$00000008) for _printf_i
    utils.o(.text) refers to _printf_u.o(.ARM.Collect$$_printf_percent$$0000000A) for _printf_u
    utils.o(.text) refers to _printf_o.o(.ARM.Collect$$_printf_percent$$0000000B) for _printf_o
    utils.o(.text) refers to _printf_x.o(.ARM.Collect$$_printf_percent$$0000000C) for _printf_x
    utils.o(.text) refers to _printf_c.o(.ARM.Collect$$_printf_percent$$00000013) for _printf_c
    utils.o(.text) refers to _printf_lc.o(.ARM.Collect$$_printf_percent$$00000015) for _printf_lc
    utils.o(.text) refers to _printf_dec.o(.text) for _printf_int_dec
    utils.o(.text) refers to _printf_oct_int.o(.text) for _printf_longlong_oct
    utils.o(.text) refers to _printf_hex_int.o(.text) for _printf_longlong_hex
    utils.o(.text) refers to _printf_str.o(.text) for _printf_str
    utils.o(.text) refers to _printf_wctomb.o(.text) for _printf_wctomb
    utils.o(.text) refers to glcd.o(.text) for LCD_Clear
    utils.o(.text) refers to noretval__2sprintf.o(.text) for __2sprintf
    utils.o(.text) refers to lib_rit.o(.text) for reset_RIT
    utils.o(.text) refers to lib_timer.o(.text) for reset_timer
    utils.o(.text) refers to utils.o(.constdata) for volume0
    utils.o(.text) refers to utils.o(.data) for happiness
    asciilib.o(.text) refers to rt_memcpy_v6.o(.text) for __aeabi_memcpy
    asciilib.o(.text) refers to asciilib.o(.constdata) for AsciiLib
    glcd.o(.text) refers to glcd.o(.data) for LCD_Code
    glcd.o(.text) refers to asciilib.o(.text) for GetASCIICode
    hzlib.o(.text) refers to rt_memcpy_v6.o(.text) for __aeabi_memcpy
    hzlib.o(.text) refers to hzlib.o(.constdata) for HzLib
    irq_rit.o(.text) refers to lib_adc.o(.text) for ADC_start_conversion
    irq_rit.o(.text) refers to utils.o(.text) for play_sound
    irq_rit.o(.text) refers to touchpanel.o(.text) for Read_Ads7846
[...]
    Removing glcd.o(.rrx_text), (6 bytes).
    Removing hzlib.o(.text), (52 bytes).
    Removing hzlib.o(.constdata), (216576 bytes).
    Removing irq_rit.o(.rev16_text), (4 bytes).
    Removing irq_rit.o(.revsh_text), (4 bytes).
    Removing irq_rit.o(.rrx_text), (6 bytes).
    Removing lib_rit.o(.rev16_text), (4 bytes).
    Removing lib_rit.o(.revsh_text), (4 bytes).
    Removing lib_rit.o(.rrx_text), (6 bytes).
    Removing funct_joystick.o(.rev16_text), (4 bytes).
    Removing funct_joystick.o(.revsh_text), (4 bytes).
    Removing funct_joystick.o(.rrx_text), (6 bytes).
    Removing funct_joystick.o(.text), (2 bytes).
    Removing lib_joystick.o(.rev16_text), (4 bytes).
    Removing lib_joystick.o(.revsh_text), (4 bytes).
    Removing lib_joystick.o(.rrx_text), (6 bytes).
    Removing touchpanel.o(.rev16_text), (4 bytes).
    Removing touchpanel.o(.revsh_text), (4 bytes).
    Removing touchpanel.o(.rrx_text), (6 bytes).
    Removing irq_adc.o(.rev16_text), (4 bytes).
    Removing irq_adc.o(.revsh_text), (4 bytes).
    Removing irq_adc.o(.rrx_text), (6 bytes).
    Removing irq_adc.o(.constdata), (32408 bytes).
    Removing lib_adc.o(.rev16_text), (4 bytes).
    Removing lib_adc.o(.revsh_text), (4 bytes).
    Removing lib_adc.o(.rrx_text), (6 bytes).

45 unused section(s) (total 249284 bytes) removed from the image.

==============================================================================

Image Symbol Table

    Local Symbols

    Symbol Name                              Value     Ov Type        Size  Object(Section)

    RESET                                    0x00000000   Section      204  startup_lpc17xx.o(RESET)
    ../clib/angel/boardlib.s                 0x00000000   Number         0  boardinit1.o ABSOLUTE
    ../clib/angel/boardlib.s                 0x00000000   Number         0  boardshut.o ABSOLUTE
    ../clib/angel/boardlib.s                 0x00000000   Number         0  boardinit2.o ABSOLUTE
    ../clib/angel/boardlib.s                 0x00000000   Number         0  boardinit3.o ABSOLUTE
    ../clib/angel/dczerorl2.s                0x00000000   Number         0  __dczerorl2.o ABSOLUTE
    ../clib/angel/handlers.s                 0x00000000   Number         0  __scatter_zi.o ABSOLUTE
    ../clib/angel/kernel.s                   0x00000000   Number         0  rtexit.o ABSOLUTE
    ../clib/angel/kernel.s                   0x00000000   Number         0  __rtentry.o ABSOLUTE
    ../clib/angel/kernel.s                   0x00000000   Number         0  rtexit2.o ABSOLUTE
    ../clib/angel/kernel.s                   0x00000000   Number         0  __rtentry4.o ABSOLUTE
    ../clib/angel/kernel.s                   0x00000000   Number         0  __rtentry2.o ABSOLUTE
    ../clib/angel/rt.s                       0x00000000   Number         0  rt_raise.o ABSOLUTE
    ../clib/angel/rt.s                       0x00000000   Number         0  rt_locale.o ABSOLUTE
    ../clib/angel/rt.s                       0x00000000   Number         0  rt_locale_intlibspace.o ABSOLUTE
    ../clib/angel/rt.s                       0x00000000   Number         0  rt_ctype_table.o ABSOLUTE
    ../clib/angel/scatter.s                  0x00000000   Number         0  __scatter.o ABSOLUTE
    ../clib/angel/startup.s                  0x00000000   Number         0  __main.o ABSOLUTE
    ../clib/angel/sys.s                      0x00000000   Number         0  indicate_semi.o ABSOLUTE
    ../clib/angel/sys.s                      0x00000000   Number         0  use_no_semi.o ABSOLUTE
    ../clib/angel/sys.s                      0x00000000   Number         0  sys_stackheap_outer.o ABSOLUTE
    ../clib/angel/sys.s                      0x00000000   Number         0  libspace.o ABSOLUTE
    ../clib/angel/sysapp.c                   0x00000000   Number         0  sys_command.o ABSOLUTE
    ../clib/angel/sysapp.c                   0x00000000   Number         0  sys_wrch.o ABSOLUTE
    ../clib/angel/sysapp.c                   0x00000000   Number         0  sys_exit.o ABSOLUTE
    ../clib/armsys.c                         0x00000000   Number         0  argv_veneer.o ABSOLUTE
    ../clib/armsys.c                         0x00000000   Number         0  argv_veneer.o ABSOLUTE
    ../clib/armsys.c                         0x00000000   Number         0  no_argv.o ABSOLUTE
    ../clib/armsys.c                         0x00000000   Number         0  _get_argv_nomalloc.o ABSOLUTE
    ../clib/heapalloc.c                      0x00000000   Number         0  hrguard.o ABSOLUTE
    ../clib/heapaux.c                        0x00000000   Number         0  heapauxi.o ABSOLUTE
    ../clib/libinit.s                        0x00000000   Number         0  libshutdown2.o ABSOLUTE
    ../clib/libinit.s                        0x00000000   Number         0  libshutdown.o ABSOLUTE
    ../clib/libinit.s                        0x00000000   Number         0  libinit2.o ABSOLUTE
    ../clib/libinit.s                        0x00000000   Number         0  libinit.o ABSOLUTE
    ../clib/locale.c                         0x00000000   Number         0  _wcrtomb.o ABSOLUTE
    ../clib/locale.s                         0x00000000   Number         0  lc_ctype_c.o ABSOLUTE
    ../clib/memcpset.s                       0x00000000   Number         0  strcmpv7m.o ABSOLUTE
    ../clib/memcpset.s                       0x00000000   Number         0  rt_memcpy_v6.o ABSOLUTE
    ../clib/memcpset.s                       0x00000000   Number         0  rt_memclr_w.o ABSOLUTE
    ../clib/memcpset.s                       0x00000000   Number         0  rt_memcpy_w.o ABSOLUTE
    ../clib/misc.s                           0x00000000   Number         0  printf_stubs.o ABSOLUTE
    ../clib/printf.c                         0x00000000   Number         0  _sputc.o ABSOLUTE
    ../clib/printf.c                         0x00000000   Number         0  _printf_char_common.o ABSOLUTE
    ../clib/printf.c                         0x00000000   Number         0  _printf_intcommon.o ABSOLUTE
    ../clib/printf.c                         0x00000000   Number         0  __printf_flags_ss_wp.o ABSOLUTE
    ../clib/printf.c                         0x00000000   Number         0  __printf_ss_wp.o ABSOLUTE
    ../clib/printf.c                         0x00000000   Number         0  __printf_flags_wp.o ABSOLUTE
    ../clib/printf.c                         0x00000000   Number         0  __printf_wp.o ABSOLUTE
    ../clib/printf.c                         0x00000000   Number         0  __printf_flags_ss.o ABSOLUTE
    ../clib/printf.c                         0x00000000   Number         0  __printf_ss.o ABSOLUTE
    ../clib/printf.c                         0x00000000   Number         0  __printf_flags.o ABSOLUTE
    ../clib/printf.c                         0x00000000   Number         0  _printf_hex_int_ll_ptr.o ABSOLUTE
    ../clib/printf.c                         0x00000000   Number         0  _printf_hex_ll_ptr.o ABSOLUTE
    ../clib/printf.c                         0x00000000   Number         0  _printf_hex_int_ptr.o ABSOLUTE
    ../clib/printf.c                         0x00000000   Number         0  _printf_hex_ptr.o ABSOLUTE
    ../clib/printf.c                         0x00000000   Number         0  _printf_hex_int_ll.o ABSOLUTE
    ../clib/printf.c                         0x00000000   Number         0  _printf_hex_int.o ABSOLUTE
    ../clib/printf.c                         0x00000000   Number         0  _printf_hex_ll.o ABSOLUTE
    ../clib/printf.c                         0x00000000   Number         0  _printf_oct_int_ll.o ABSOLUTE
    ../clib/printf.c                         0x00000000   Number         0  _printf_oct_int.o ABSOLUTE
    ../clib/printf.c                         0x00000000   Number         0  _printf_oct_ll.o ABSOLUTE
    ../clib/printf.c                         0x00000000   Number         0  _printf_wctomb.o ABSOLUTE
    ../clib/printf.c                         0x00000000   Number         0  _printf_dec.o ABSOLUTE
    ../clib/printf.c                         0x00000000   Number         0  _printf_str.o ABSOLUTE
    ../clib/printf.c                         0x00000000   Number         0  _printf_truncate.o ABSOLUTE
    ../clib/printf.c                         0x00000000   Number         0  _printf_pad.o ABSOLUTE
    ../clib/printf.c                         0x00000000   Number         0  noretval__2sprintf.o ABSOLUTE
    ../clib/printf.c                         0x00000000   Number         0  __printf_nopercent.o ABSOLUTE
    ../clib/printf.c                         0x00000000   Number         0  __2sprintf.o ABSOLUTE
    ../clib/printf.c                         0x00000000   Number         0  _printf_wchar.o ABSOLUTE
    ../clib/printf.c                         0x00000000   Number         0  __printf.o ABSOLUTE
    ../clib/printf.c                         0x00000000   Number         0  _printf_char.o ABSOLUTE
    ../clib/printf_percent.s                 0x00000000   Number         0  _printf_percent_end.o ABSOLUTE
    ../clib/printf_percent.s                 0x00000000   Number         0  _printf_percent.o ABSOLUTE
    ../clib/printf_percent.s                 0x00000000   Number         0  _printf_c.o ABSOLUTE
    ../clib/printf_percent.s                 0x00000000   Number         0  _printf_i.o ABSOLUTE
    ../clib/printf_percent.s                 0x00000000   Number         0  _printf_l.o ABSOLUTE
    ../clib/printf_percent.s                 0x00000000   Number         0  _printf_d.o ABSOLUTE
    ../clib/printf_percent.s                 0x00000000   Number         0  _printf_lc.o ABSOLUTE
    ../clib/printf_percent.s                 0x00000000   Number         0  _printf_o.o ABSOLUTE
    ../clib/printf_percent.s                 0x00000000   Number         0  _printf_u.o ABSOLUTE
    ../clib/printf_percent.s                 0x00000000   Number         0  _printf_x.o ABSOLUTE
    ../clib/signal.c                         0x00000000   Number         0  defsig_abrt_inner.o ABSOLUTE
    ../clib/signal.c                         0x00000000   Number         0  defsig_fpe_inner.o ABSOLUTE
    ../clib/signal.c                         0x00000000   Number         0  defsig_stak_inner.o ABSOLUTE
    ../clib/signal.c                         0x00000000   Number         0  defsig_pvfn_inner.o ABSOLUTE
    ../clib/signal.c                         0x00000000   Number         0  defsig_cppl_inner.o ABSOLUTE
    ../clib/signal.c                         0x00000000   Number         0  defsig_segv_inner.o ABSOLUTE
    ../clib/signal.c                         0x00000000   Number         0  defsig_other.o ABSOLUTE
    ../clib/signal.c                         0x00000000   Number         0  defsig_rtmem_outer.o ABSOLUTE
    ../clib/signal.c                         0x00000000   Number         0  defsig_rtred_inner.o ABSOLUTE
    ../clib/signal.c                         0x00000000   Number         0  defsig_exit.o ABSOLUTE
    ../clib/signal.c                         0x00000000   Number         0  defsig_rtmem_inner.o ABSOLUTE
    ../clib/signal.c                         0x00000000   Number         0  defsig_rtmem_formal.o ABSOLUTE
    ../clib/signal.c                         0x00000000   Number         0  __raise.o ABSOLUTE
    ../clib/signal.c                         0x00000000   Number         0  defsig_general.o ABSOLUTE
    ../clib/signal.s                         0x00000000   Number         0  defsig.o ABSOLUTE
    ../clib/stdlib.c                         0x00000000   Number         0  exit.o ABSOLUTE
    ../fplib/daddsub.s                       0x00000000   Number         0  daddsub_clz.o ABSOLUTE
    ../fplib/dcmpi.s                         0x00000000   Number         0  dcmpi.o ABSOLUTE
    ../fplib/ddiv.s                          0x00000000   Number         0  ddiv.o ABSOLUTE
    ../fplib/deqf.s                          0x00000000   Number         0  deqf.o ABSOLUTE
    ../fplib/dfixu.s                         0x00000000   Number         0  dfixu.o ABSOLUTE
    ../fplib/dflt.s                          0x00000000   Number         0  dflt_clz.o ABSOLUTE
    ../fplib/dmul.s                          0x00000000   Number         0  dmul.o ABSOLUTE
    ../fplib/dnaninf.s                       0x00000000   Number         0  dnaninf.o ABSOLUTE
    ../fplib/dretinf.s                       0x00000000   Number         0  dretinf.o ABSOLUTE
    ../fplib/fpinit.s                        0x00000000   Number         0  fpinit.o ABSOLUTE
    ../fplib/usenofp.s                       0x00000000   Number         0  usenofp.o ABSOLUTE
    GLCD\AsciiLib.c                          0x00000000   Number         0  asciilib.o ABSOLUTE
    GLCD\GLCD.c                              0x00000000   Number         0  glcd.o ABSOLUTE
    GLCD\HzLib.c                             0x00000000   Number         0  hzlib.o ABSOLUTE
    GLCD\\GLCD.c                             0x00000000   Number         0  glcd.o ABSOLUTE
    RIT\IRQ_RIT.c                            0x00000000   Number         0  irq_rit.o ABSOLUTE
    RIT\\IRQ_RIT.c                           0x00000000   Number         0  irq_rit.o ABSOLUTE
    RIT\\lib_RIT.c                           0x00000000   Number         0  lib_rit.o ABSOLUTE
    RIT\lib_RIT.c                            0x00000000   Number         0  lib_rit.o ABSOLUTE
    TouchPanel\TouchPanel.c                  0x00000000   Number         0  touchpanel.o ABSOLUTE
    TouchPanel\\TouchPanel.c                 0x00000000   Number         0  touchpanel.o ABSOLUTE
    adc\IRQ_adc.c                            0x00000000   Number         0  irq_adc.o ABSOLUTE
    adc\\IRQ_adc.c                           0x00000000   Number         0  irq_adc.o ABSOLUTE
    adc\\lib_adc.c                           0x00000000   Number         0  lib_adc.o ABSOLUTE
    adc\lib_adc.c                            0x00000000   Number         0  lib_adc.o ABSOLUTE
    core_cm3.c                               0x00000000   Number         0  core_cm3.o ABSOLUTE
    core_cm3.c                               0x00000000   Number         0  core_cm3.o ABSOLUTE
    dc.s                                     0x00000000   Number         0  dc.o ABSOLUTE
    joystick\\funct_joystick.c               0x00000000   Number         0  funct_joystick.o ABSOLUTE
    joystick\\lib_joystick.c                 0x00000000   Number         0  lib_joystick.o ABSOLUTE
    joystick\funct_joystick.c                0x00000000   Number         0  funct_joystick.o ABSOLUTE
    joystick\lib_joystick.c                  0x00000000   Number         0  lib_joystick.o ABSOLUTE
    sample.c                                 0x00000000   Number         0  sample.o ABSOLUTE
    sample.c                                 0x00000000   Number         0  sample.o ABSOLUTE
    startup_LPC17xx.s                        0x00000000   Number         0  startup_lpc17xx.o ABSOLUTE
    system_LPC17xx.c                         0x00000000   Number         0  system_lpc17xx.o ABSOLUTE
    system_LPC17xx.c                         0x00000000   Number         0  system_lpc17xx.o ABSOLUTE
    timer\IRQ_timer.c                        0x00000000   Number         0  irq_timer.o ABSOLUTE
    timer\\IRQ_timer.c                       0x00000000   Number         0  irq_timer.o ABSOLUTE
    timer\\lib_timer.c                       0x00000000   Number         0  lib_timer.o ABSOLUTE
    timer\lib_timer.c                        0x00000000   Number         0  lib_timer.o ABSOLUTE
    utils\\utils.c                           0x00000000   Number         0  utils.o ABSOLUTE
    utils\utils.c                            0x00000000   Number         0  utils.o ABSOLUTE
    !!!main                                  0x000000cc   Section        8  __main.o(!!!main)
    !!!scatter                               0x000000d4   Section       52  __scatter.o(!!!scatter)
    !!dczerorl2                              0x00000108   Section       90  __dczerorl2.o(!!dczerorl2)
    !!handler_zi                             0x00000164   Section       28  __scatter_zi.o(!!handler_zi)
    .ARM.Collect$$_printf_percent$$00000000  0x00000180   Section        0  _printf_percent.o(.ARM.Collect$$_printf_percent$$00000000)
    .ARM.Collect$$_printf_percent$$00000008  0x00000180   Section        6  _printf_i.o(.ARM.Collect$$_printf_percent$$00000008)
    .ARM.Collect$$_printf_percent$$00000009  0x00000186   Section        6  _printf_d.o(.ARM.Collect$$_printf_percent$$00000009)
    .ARM.Collect$$_printf_percent$$0000000A  0x0000018c   Section        6  _printf_u.o(.ARM.Collect$$_printf_percent$$0000000A)
    .ARM.Collect$$_printf_percent$$0000000B  0x00000192   Section        6  _printf_o.o(.ARM.Collect$$_printf_percent$$0000000B)
    .ARM.Collect$$_printf_percent$$0000000C  0x00000198   Section        6  _printf_x.o(.ARM.Collect$$_printf_percent$$0000000C)
    .ARM.Collect$$_printf_percent$$00000012  0x0000019e   Section       10  _printf_l.o(.ARM.Collect$$_printf_percent$$00000012)
    .ARM.Collect$$_printf_percent$$00000013  0x000001a8   Section        6  _printf_c.o(.ARM.Collect$$_printf_percent$$00000013)
    .ARM.Collect$$_printf_percent$$00000015  0x000001ae   Section        6  _printf_lc.o(.ARM.Collect$$_printf_percent$$00000015)
    .ARM.Collect$$_printf_percent$$00000017  0x000001b4   Section        4  _printf_percent_end.o(.ARM.Collect$$_printf_percent$$00000017)
    .ARM.Collect$$libinit$$00000000          0x000001b8   Section        2  libinit.o(.ARM.Collect$$libinit$$00000000)
    .ARM.Collect$$libinit$$00000002          0x000001ba   Section        0  libinit2.o(.ARM.Collect$$libinit$$00000002)
    .ARM.Collect$$libinit$$00000004          0x000001ba   Section        0  libinit2.o(.ARM.Collect$$libinit$$00000004)
    .ARM.Collect$$libinit$$0000000A          0x000001ba   Section        0  libinit2.o(.ARM.Collect$$libinit$$0000000A)
    .ARM.Collect$$libinit$$0000000C          0x000001ba   Section        0  libinit2.o(.ARM.Collect$$libinit$$0000000C)
    .ARM.Collect$$libinit$$0000000E          0x000001ba   Section        0  libinit2.o(.ARM.Collect$$libinit$$0000000E)
    .ARM.Collect$$libinit$$0000000F          0x000001ba   Section        6  libinit2.o(.ARM.Collect$$libinit$$0000000F)
    .ARM.Collect$$libinit$$00000011          0x000001c0   Section        0  libinit2.o(.ARM.Collect$$libinit$$00000011)
    .ARM.Collect$$libinit$$00000012          0x000001c0   Section       12  libinit2.o(.ARM.Collect$$libinit$$00000012)
    .ARM.Collect$$libinit$$00000013          0x000001cc   Section        0  libinit2.o(.ARM.Collect$$libinit$$00000013)
    .ARM.Collect$$libinit$$00000015          0x000001cc   Section        0  libinit2.o(.ARM.Collect$$libinit$$00000015)
    .ARM.Collect$$libinit$$00000017          0x000001cc   Section        0  libinit2.o(.ARM.Collect$$libinit$$00000017)
    .ARM.Collect$$libinit$$00000019          0x000001cc   Section        0  libinit2.o(.ARM.Collect$$libinit$$00000019)
    .ARM.Collect$$libinit$$0000001B          0x000001cc   Section        0  libinit2.o(.ARM.Collect$$libinit$$0000001B)
    .ARM.Collect$$libinit$$0000001D          0x000001cc   Section        0  libinit2.o(.ARM.Collect$$libinit$$0000001D)
    .ARM.Collect$$libinit$$0000001F          0x000001cc   Section        0  libinit2.o(.ARM.Collect$$libinit$$0000001F)
    .ARM.Collect$$libinit$$00000021          0x000001cc   Section        0  libinit2.o(.ARM.Collect$$libinit$$00000021)
    .ARM.Collect$$libinit$$00000023          0x000001cc   Section        0  libinit2.o(.ARM.Collect$$libinit$$00000023)
    .ARM.Collect$$libinit$$00000025          0x000001cc   Section        0  libinit2.o(.ARM.Collect$$libinit$$00000025)
    .ARM.Collect$$libinit$$0000002C          0x000001cc   Section        0  libinit2.o(.ARM.Collect$$libinit$$0000002C)
    .ARM.Collect$$libinit$$0000002E          0x000001cc   Section        0  libinit2.o(.ARM.Collect$$libinit$$0000002E)
    .ARM.Collect$$libinit$$00000030          0x000001cc   Section        0  libinit2.o(.ARM.Collect$$libinit$$00000030)
    .ARM.Collect$$libinit$$00000032          0x000001cc   Section        0  libinit2.o(.ARM.Collect$$libinit$$00000032)
    .ARM.Collect$$libinit$$00000033          0x000001cc   Section        2  libinit2.o(.ARM.Collect$$libinit$$00000033)
    .ARM.Collect$$libshutdown$$00000000      0x000001ce   Section        2  libshutdown.o(.ARM.Collect$$libshutdown$$00000000)
    .ARM.Collect$$libshutdown$$00000002      0x000001d0   Section        0  libshutdown2.o(.ARM.Collect$$libshutdown$$00000002)
    .ARM.Collect$$libshutdown$$00000004      0x000001d0   Section        0  libshutdown2.o(.ARM.Collect$$libshutdown$$00000004)
    .ARM.Collect$$libshutdown$$00000006      0x000001d0   Section        0  libshutdown2.o(.ARM.Collect$$libshutdown$$00000006)
    .ARM.Collect$$libshutdown$$00000009      0x000001d0   Section        0  libshutdown2.o(.ARM.Collect$$libshutdown$$00000009)
    .ARM.Collect$$libshutdown$$0000000C      0x000001d0   Section        0  libshutdown2.o(.ARM.Collect$$libshutdown$$0000000C)
    .ARM.Collect$$libshutdown$$0000000E      0x000001d0   Section        0  libshutdown2.o(.ARM.Collect$$libshutdown$$0000000E)
    .ARM.Collect$$libshutdown$$00000011      0x000001d0   Section        0  libshutdown2.o(.ARM.Collect$$libshutdown$$00000011)
    .ARM.Collect$$libshutdown$$00000012      0x000001d0   Section        2  libshutdown2.o(.ARM.Collect$$libshutdown$$00000012)
    .ARM.Collect$$rtentry$$00000000          0x000001d2   Section        0  __rtentry.o(.ARM.Collect$$rtentry$$00000000)
    .ARM.Collect$$rtentry$$00000002          0x000001d2   Section        0  __rtentry2.o(.ARM.Collect$$rtentry$$00000002)
    .ARM.Collect$$rtentry$$00000004          0x000001d2   Section        6  __rtentry4.o(.ARM.Collect$$rtentry$$00000004)
    .ARM.Collect$$rtentry$$00000009          0x000001d8   Section        0  __rtentry2.o(.ARM.Collect$$rtentry$$00000009)
    .ARM.Collect$$rtentry$$0000000A          0x000001d8   Section        4  __rtentry2.o(.ARM.Collect$$rtentry$$0000000A)
    .ARM.Collect$$rtentry$$0000000C          0x000001dc   Section        0  __rtentry2.o(.ARM.Collect$$rtentry$$0000000C)
    .ARM.Collect$$rtentry$$0000000D          0x000001dc   Section        8  __rtentry2.o(.ARM.Collect$$rtentry$$0000000D)
    .ARM.Collect$$rtexit$$00000000           0x000001e4   Section        2  rtexit.o(.ARM.Collect$$rtexit$$00000000)
    .ARM.Collect$$rtexit$$00000002           0x000001e6   Section        0  rtexit2.o(.ARM.Collect$$rtexit$$00000002)
    .ARM.Collect$$rtexit$$00000003           0x000001e6   Section        4  rtexit2.o(.ARM.Collect$$rtexit$$00000003)
    .ARM.Collect$$rtexit$$00000004           0x000001ea   Section        6  rtexit2.o(.ARM.Collect$$rtexit$$00000004)
    .text                                    0x000001f0   Section       52  startup_lpc17xx.o(.text)
    .text                                    0x00000224   Section        0  asciilib.o(.text)
    .text                                    0x00000244   Section        0  lib_joystick.o(.text)
    .text                                    0x00000268   Section        0  noretval__2sprintf.o(.text)
    .text                                    0x00000290   Section        0  _printf_pad.o(.text)
    .text                                    0x000002de   Section        0  heapauxi.o(.text)
    .text                                    0x000002e4   Section        0  _sputc.o(.text)
    .text                                    0x000002f0   Section        8  rt_locale_intlibspace.o(.text)
    .text                                    0x000002f8   Section        2  use_no_semi.o(.text)
    .text                                    0x000002fa   Section        0  indicate_semi.o(.text)
    x$fpl$usenofp                            0x000002fa   Section        0  usenofp.o(x$fpl$usenofp)
    .ARM.__at_0x02FC                         0x000002fc   Section        4  startup_lpc17xx.o(.ARM.__at_0x02FC)
    .text                                    0x00000300   Section        0  sample.o(.text)
    .text                                    0x00000408   Section        0  system_lpc17xx.o(.text)
    .text                                    0x00000634   Section        0  irq_timer.o(.text)
    .text                                    0x00000c00   Section        0  lib_timer.o(.text)
    __NVIC_EnableIRQ                         0x00000c01   Thumb Code    34  lib_timer.o(.text)
    __NVIC_SetPriority                       0x00000c23   Thumb Code    32  lib_timer.o(.text)
    .text                                    0x00000da8   Section        0  utils.o(.text)
    .text                                    0x00001268   Section        0  glcd.o(.text)
    LCD_Configuration                        0x00001269   Thumb Code    20  glcd.o(.text)
    wait_delay                               0x0000127d   Thumb Code    12  glcd.o(.text)
    LCD_SetCursor                            0x00001289   Thumb Code  1356  glcd.o(.text)
    delay_ms                                 0x000017d5   Thumb Code    30  glcd.o(.text)
    LCD_BGR2RGB                              0x00006f9d   Thumb Code    26  glcd.o(.text)
    .text                                    0x00007fb8   Section        0  irq_rit.o(.text)
    .text                                    0x00008344   Section        0  lib_rit.o(.text)
    .text                                    0x00008404   Section        0  touchpanel.o(.text)
    ADS7843_SPI_Init                         0x00008415   Thumb Code   128  touchpanel.o(.text)
    DelayUS                                  0x000084b3   Thumb Code    28  touchpanel.o(.text)
    WR_CMD                                   0x000084cf   Thumb Code    56  touchpanel.o(.text)
    RD_AD                                    0x00008507   Thumb Code    42  touchpanel.o(.text)
    .text                                    0x00008d84   Section        0  irq_adc.o(.text)
    .text                                    0x00008e50   Section        0  lib_adc.o(.text)
    .text                                    0x00008ee8   Section        0  _printf_truncate.o(.text)
    .text                                    0x00008f0c   Section        0  _printf_str.o(.text)
    .text                                    0x00008f60   Section        0  _printf_dec.o(.text)
    .text                                    0x00008fd8   Section        0  _printf_wctomb.o(.text)
    .text                                    0x00009094   Section        0  _printf_oct_int.o(.text)
    .text                                    0x000090e4   Section        0  _printf_hex_int.o(.text)
    .text                                    0x0000913c   Section        0  __printf_flags_ss_wp.o(.text)
    .text                                    0x000092c4   Section      138  rt_memcpy_v6.o(.text)
    .text                                    0x0000934e   Section       78  rt_memclr_w.o(.text)
    .text                                    0x0000939c   Section        0  _printf_intcommon.o(.text)
    .text                                    0x00009450   Section        0  _printf_char_common.o(.text)
    _printf_input_char                       0x00009451   Thumb Code    10  _printf_char_common.o(.text)
    .text                                    0x00009480   Section        0  _printf_char.o(.text)
    .text                                    0x000094ac   Section        0  _printf_wchar.o(.text)
    .text                                    0x000094d8   Section        0  _wcrtomb.o(.text)
    .text                                    0x00009518   Section      100  rt_memcpy_w.o(.text)
    .text                                    0x0000957c   Section       16  rt_ctype_table.o(.text)
    .text                                    0x0000958c   Section       74  sys_stackheap_outer.o(.text)
    .text                                    0x000095d6   Section        0  exit.o(.text)
    .text                                    0x000095e8   Section        8  libspace.o(.text)
    .text                                    0x000095f0   Section      128  strcmpv7m.o(.text)
    .text                                    0x00009670   Section        0  sys_exit.o(.text)
    i._is_digit                              0x0000967c   Section        0  __printf_wp.o(i._is_digit)
    locale$$code                             0x0000968c   Section       44  lc_ctype_c.o(locale$$code)
    x$fpl$dadd                               0x000096b8   Section      336  daddsub_clz.o(x$fpl$dadd)
    _dadd1                                   0x000096c9   Thumb Code     0  daddsub_clz.o(x$fpl$dadd)
    x$fpl$dcmpinf                            0x00009808   Section       24  dcmpi.o(x$fpl$dcmpinf)
    x$fpl$ddiv                               0x00009820   Section      688  ddiv.o(x$fpl$ddiv)
    ddiv_entry                               0x00009827   Thumb Code     0  ddiv.o(x$fpl$ddiv)
    x$fpl$deqf                               0x00009ad0   Section      120  deqf.o(x$fpl$deqf)
    x$fpl$dfixu                              0x00009b48   Section       90  dfixu.o(x$fpl$dfixu)
    x$fpl$dflt                               0x00009ba2   Section       46  dflt_clz.o(x$fpl$dflt)
    x$fpl$dfltu                              0x00009bd0   Section       38  dflt_clz.o(x$fpl$dfltu)
    x$fpl$dmul                               0x00009bf8   Section      340  dmul.o(x$fpl$dmul)
    x$fpl$dnaninf                            0x00009d4c   Section      156  dnaninf.o(x$fpl$dnaninf)
    x$fpl$dretinf                            0x00009de8   Section       12  dretinf.o(x$fpl$dretinf)
    x$fpl$dsub                               0x00009df4   Section      468  daddsub_clz.o(x$fpl$dsub)
    _dsub1                                   0x00009e05   Thumb Code     0  daddsub_clz.o(x$fpl$dsub)
    .constdata                               0x00009fc8   Section    32408  sample.o(.constdata)
    Nigiri                                   0x00009fc8   Data        5504  sample.o(.constdata)
    ricebowl                                 0x0000b548   Data        3200  sample.o(.constdata)
    ricegrain                                0x0000c1c8   Data        3200  sample.o(.constdata)
    Angry_Nigiri                             0x0000ce48   Data        5120  sample.o(.constdata)
    Loving_Nigiri                            0x0000e248   Data        5984  sample.o(.constdata)
    angry_sign                               0x0000f9a8   Data         684  sample.o(.constdata)
    heart                                    0x0000fc54   Data         364  sample.o(.constdata)
    volume0                                  0x0000fdc0   Data        2088  sample.o(.constdata)
    volume1                                  0x000105e8   Data        2088  sample.o(.constdata)
    volume2                                  0x00010e10   Data        2088  sample.o(.constdata)
    volume3                                  0x00011638   Data        2088  sample.o(.constdata)
    .constdata                               0x00011e60   Section    32408  irq_timer.o(.constdata)
    Nigiri                                   0x00011e60   Data        5504  irq_timer.o(.constdata)
    ricebowl                                 0x000133e0   Data        3200  irq_timer.o(.constdata)
    ricegrain                                0x00014060   Data        3200  irq_timer.o(.constdata)
    Angry_Nigiri                             0x00014ce0   Data        5120  irq_timer.o(.constdata)
    Loving_Nigiri                            0x000160e0   Data        5984  irq_timer.o(.constdata)
    angry_sign                               0x00017840   Data         684  irq_timer.o(.constdata)
    heart                                    0x00017aec   Data         364  irq_timer.o(.constdata)
    volume0                                  0x00017c58   Data        2088  irq_timer.o(.constdata)
    volume1                                  0x00018480   Data        2088  irq_timer.o(.constdata)
    volume2                                  0x00018ca8   Data        2088  irq_timer.o(.constdata)
    volume3                                  0x000194d0   Data        2088  irq_timer.o(.constdata)
    .constdata                               0x00019cf8   Section    32408  utils.o(.constdata)
    Nigiri                                   0x00019cf8   Data        5504  utils.o(.constdata)
    ricebowl                                 0x0001b278   Data        3200  utils.o(.constdata)
    ricegrain                                0x0001bef8   Data        3200  utils.o(.constdata)
    Angry_Nigiri                             0x0001cb78   Data        5120  utils.o(.constdata)
    Loving_Nigiri                            0x0001df78   Data        5984  utils.o(.constdata)
    angry_sign                               0x0001f6d8   Data         684  utils.o(.constdata)
    heart                                    0x0001f984   Data         364  utils.o(.constdata)
    volume0                                  0x0001faf0   Data        2088  utils.o(.constdata)
    volume1                                  0x00020318   Data        2088  utils.o(.constdata)
    volume2                                  0x00020b40   Data        2088  utils.o(.constdata)
    volume3                                  0x00021368   Data        2088  utils.o(.constdata)
    .constdata                               0x00021b90   Section     1520  asciilib.o(.constdata)
    AsciiLib                                 0x00021b90   Data        1520  asciilib.o(.constdata)
    .constdata                               0x00022180   Section    32408  irq_rit.o(.constdata)
    Nigiri                                   0x00022180   Data        5504  irq_rit.o(.constdata)
    ricebowl                                 0x00023700   Data        3200  irq_rit.o(.constdata)
    ricegrain                                0x00024380   Data        3200  irq_rit.o(.constdata)
    Angry_Nigiri                             0x00025000   Data        5120  irq_rit.o(.constdata)
    Loving_Nigiri                            0x00026400   Data        5984  irq_rit.o(.constdata)
    angry_sign                               0x00027b60   Data         684  irq_rit.o(.constdata)
    heart                                    0x00027e0c   Data         364  irq_rit.o(.constdata)
    volume0                                  0x00027f78   Data        2088  irq_rit.o(.constdata)
    volume1                                  0x000287a0   Data        2088  irq_rit.o(.constdata)
    volume2                                  0x00028fc8   Data        2088  irq_rit.o(.constdata)
    volume3                                  0x000297f0   Data        2088  irq_rit.o(.constdata)
    .constdata                               0x0002a018   Section        8  _printf_wctomb.o(.constdata)
    initial_mbstate                          0x0002a018   Data           8  _printf_wctomb.o(.constdata)
    .constdata                               0x0002a020   Section       40  _printf_hex_int.o(.constdata)
    uc_hextab                                0x0002a020   Data          20  _printf_hex_int.o(.constdata)
    lc_hextab                                0x0002a034   Data          20  _printf_hex_int.o(.constdata)
    .constdata                               0x0002a048   Section       17  __printf_flags_ss_wp.o(.constdata)
    maptable                                 0x0002a048   Data          17  __printf_flags_ss_wp.o(.constdata)
    locale$$data                             0x0002a08c   Section      272  lc_ctype_c.o(locale$$data)
    __lcctype_c_name                         0x0002a090   Data           2  lc_ctype_c.o(locale$$data)
    __lcctype_c_start                        0x0002a098   Data           0  lc_ctype_c.o(locale$$data)
    __lcctype_c_end                          0x0002a19c   Data           0  lc_ctype_c.o(locale$$data)
    STACK                                    0x10000000   Section      848  startup_lpc17xx.o(STACK)
    Stack_Mem                                0x10000000   Data         848  startup_lpc17xx.o(STACK)
    __initial_sp                             0x10000350   Data           0  startup_lpc17xx.o(STACK)
    .data                                    0x2007c000   Section        4  system_lpc17xx.o(.data)
    .data                                    0x2007c004   Section      224  irq_timer.o(.data)
    angry_melody                             0x2007c004   Data          10  irq_timer.o(.data)
    happy_melody                             0x2007c00e   Data           6  irq_timer.o(.data)
    cuddle_melody                            0x2007c014   Data          16  irq_timer.o(.data)
    anim_state                               0x2007c0d8   Data           1  irq_timer.o(.data)
    go_back                                  0x2007c0d9   Data           1  irq_timer.o(.data)
    angry_on                                 0x2007c0da   Data           1  irq_timer.o(.data)
    count_cuddle_anim                        0x2007c0db   Data           1  irq_timer.o(.data)
    ticks                                    0x2007c0dc   Data           4  irq_timer.o(.data)
    currentValue                             0x2007c0e0   Data           4  irq_timer.o(.data)
    .data                                    0x2007c0e8   Section       57  utils.o(.data)
    angry_melody                             0x2007c0e8   Data          10  utils.o(.data)
    happy_melody                             0x2007c0f2   Data           6  utils.o(.data)
    cuddle_melody                            0x2007c0f8   Data          16  utils.o(.data)
    .data                                    0x2007c122   Section        4  glcd.o(.data)
    LCD_Code                                 0x2007c122   Data           1  glcd.o(.data)
    back_color                               0x2007c124   Data           2  glcd.o(.data)
    .data                                    0x2007c128   Section       48  irq_rit.o(.data)
    angry_melody                             0x2007c128   Data          10  irq_rit.o(.data)
    happy_melody                             0x2007c132   Data           6  irq_rit.o(.data)
    cuddle_melody                            0x2007c138   Data          16  irq_rit.o(.data)
    left                                     0x2007c148   Data           4  irq_rit.o(.data)
    right                                    0x2007c14c   Data           4  irq_rit.o(.data)
    select                                   0x2007c150   Data           4  irq_rit.o(.data)
    note                                     0x2007c154   Data           4  irq_rit.o(.data)
    .data                                    0x2007c158   Section       20  touchpanel.o(.data)
    screen                                   0x2007c168   Data           4  touchpanel.o(.data)
    .data                                    0x2007c16c   Section       36  irq_adc.o(.data)
    angry_melody                             0x2007c16c   Data          10  irq_adc.o(.data)
    happy_melody                             0x2007c176   Data           6  irq_adc.o(.data)
    cuddle_melody                            0x2007c17c   Data          16  irq_adc.o(.data)
    .bss                                     0x2007c190   Section       68  touchpanel.o(.bss)
    .bss                                     0x2007c1d4   Section       96  libspace.o(.bss)
    HEAP                                     0x2007c238   Section        0  startup_lpc17xx.o(HEAP)
    Heap_Mem                                 0x2007c238   Data           0  startup_lpc17xx.o(HEAP)

    Global Symbols

    Symbol Name                              Value     Ov Type        Size  Object(Section)

    BuildAttributes$$THM_ISAv4$P$D$K$B$S$PE$A:L22UL41UL21$X:L11$S22US41US21$IEEE1$IW$USESV6$~STKCKD$USESV7$~SHL$OSPACE$ROPI$EBA8$UX$STANDARDLIB$REQ8$PRES8$EABIv2 0x00000000   Number         0  anon$$obj.o ABSOLUTE
    __ARM_use_no_argv                        0x00000000   Number         0  sample.o ABSOLUTE
    __Vectors                                0x00000000   Data           4  startup_lpc17xx.o(RESET)
    _printf_flags                            0x00000000   Number         0  printf_stubs.o ABSOLUTE
    _printf_return_value                     0x00000000   Number         0  printf_stubs.o ABSOLUTE
    _printf_sizespec                         0x00000000   Number         0  printf_stubs.o ABSOLUTE
    _printf_widthprec                        0x00000000   Number         0  printf_stubs.o ABSOLUTE
    __ARM_exceptions_init                     - Undefined Weak Reference
    __alloca_initialize                       - Undefined Weak Reference
    __arm_fini_                               - Undefined Weak Reference
    __arm_preinit_                            - Undefined Weak Reference
    __cpp_initialize__aeabi_                  - Undefined Weak Reference
    __cxa_finalize                            - Undefined Weak Reference
    __sigvec_lookup                           - Undefined Weak Reference
    _atexit_init                              - Undefined Weak Reference
    _call_atexit_fns                          - Undefined Weak Reference
    _clock_init                               - Undefined Weak Reference
    _fp_trap_init                             - Undefined Weak Reference
    _fp_trap_shutdown                         - Undefined Weak Reference
    _get_lc_collate                           - Undefined Weak Reference
    _get_lc_monetary                          - Undefined Weak Reference
    _get_lc_numeric                           - Undefined Weak Reference
    _get_lc_time                              - Undefined Weak Reference
    _getenv_init                              - Undefined Weak Reference
    _handle_redirection                       - Undefined Weak Reference
    _init_alloc                               - Undefined Weak Reference
    _init_user_alloc                          - Undefined Weak Reference
    _initio                                   - Undefined Weak Reference
    _printf_mbtowc                            - Undefined Weak Reference
    _printf_wc                                - Undefined Weak Reference
    _rand_init                                - Undefined Weak Reference
    _signal_finish                            - Undefined Weak Reference
    _signal_init                              - Undefined Weak Reference
    _terminate_alloc                          - Undefined Weak Reference
    _terminate_user_alloc                     - Undefined Weak Reference
    _terminateio                              - Undefined Weak Reference
    __main                                   0x000000cd   Thumb Code     8  __main.o(!!!main)
    __scatterload                            0x000000d5   Thumb Code     0  __scatter.o(!!!scatter)
    __scatterload_rt2                        0x000000d5   Thumb Code    44  __scatter.o(!!!scatter)
    __scatterload_rt2_thumb_only             0x000000d5   Thumb Code     0  __scatter.o(!!!scatter)
    __scatterload_null                       0x000000e3   Thumb Code     0  __scatter.o(!!!scatter)
    __decompress                             0x00000109   Thumb Code    90  __dczerorl2.o(!!dczerorl2)
    __decompress1                            0x00000109   Thumb Code     0  __dczerorl2.o(!!dczerorl2)
    __scatterload_zeroinit                   0x00000165   Thumb Code    28  __scatter_zi.o(!!handler_zi)
    _printf_i                                0x00000181   Thumb Code     0  _printf_i.o(.ARM.Collect$$_printf_percent$$00000008)
    _printf_percent                          0x00000181   Thumb Code     0  _printf_percent.o(.ARM.Collect$$_printf_percent$$00000000)
    _printf_d                                0x00000187   Thumb Code     0  _printf_d.o(.ARM.Collect$$_printf_percent$$00000009)
    _printf_u                                0x0000018d   Thumb Code     0  _printf_u.o(.ARM.Collect$$_printf_percent$$0000000A)
    _printf_o                                0x00000193   Thumb Code     0  _printf_o.o(.ARM.Collect$$_printf_percent$$0000000B)
    _printf_x                                0x00000199   Thumb Code     0  _printf_x.o(.ARM.Collect$$_printf_percent$$0000000C)
    _printf_l                                0x0000019f   Thumb Code     0  _printf_l.o(.ARM.Collect$$_printf_percent$$00000012)
    _printf_c                                0x000001a9   Thumb Code     0  _printf_c.o(.ARM.Collect$$_printf_percent$$00000013)
    _printf_lc                               0x000001af   Thumb Code     0  _printf_lc.o(.ARM.Collect$$_printf_percent$$00000015)
    _printf_percent_end                      0x000001b5   Thumb Code     0  _printf_percent_end.o(.ARM.Collect$$_printf_percent$$00000017)
    __rt_lib_init                            0x000001b9   Thumb Code     0  libinit.o(.ARM.Collect$$libinit$$00000000)
    __rt_lib_init_fp_1                       0x000001bb   Thumb Code     0  libinit2.o(.ARM.Collect$$libinit$$00000002)
    __rt_lib_init_heap_1                     0x000001bb   Thumb Code     0  libinit2.o(.ARM.Collect$$libinit$$0000000A)
    __rt_lib_init_lc_common                  0x000001bb   Thumb Code     0  libinit2.o(.ARM.Collect$$libinit$$0000000F)
    __rt_lib_init_preinit_1                  0x000001bb   Thumb Code     0  libinit2.o(.ARM.Collect$$libinit$$00000004)
    __rt_lib_init_rand_1                     0x000001bb   Thumb Code     0  libinit2.o(.ARM.Collect$$libinit$$0000000E)
    __rt_lib_init_user_alloc_1               0x000001bb   Thumb Code     0  libinit2.o(.ARM.Collect$$libinit$$0000000C)
    __rt_lib_init_lc_collate_1               0x000001c1   Thumb Code     0  libinit2.o(.ARM.Collect$$libinit$$00000011)
    __rt_lib_init_lc_ctype_2                 0x000001c1   Thumb Code     0  libinit2.o(.ARM.Collect$$libinit$$00000012)
    __rt_lib_init_alloca_1                   0x000001cd   Thumb Code     0  libinit2.o(.ARM.Collect$$libinit$$0000002E)
    __rt_lib_init_argv_1                     0x000001cd   Thumb Code     0  libinit2.o(.ARM.Collect$$libinit$$0000002C)
    __rt_lib_init_atexit_1                   0x000001cd   Thumb Code     0  libinit2.o(.ARM.Collect$$libinit$$0000001B)
    __rt_lib_init_clock_1                    0x000001cd   Thumb Code     0  libinit2.o(.ARM.Collect$$libinit$$00000021)
    __rt_lib_init_cpp_1                      0x000001cd   Thumb Code     0  libinit2.o(.ARM.Collect$$libinit$$00000032)
    __rt_lib_init_exceptions_1               0x000001cd   Thumb Code     0  libinit2.o(.ARM.Collect$$libinit$$00000030)
    __rt_lib_init_fp_trap_1                  0x000001cd   Thumb Code     0  libinit2.o(.ARM.Collect$$libinit$$0000001F)
    __rt_lib_init_getenv_1                   0x000001cd   Thumb Code     0  libinit2.o(.ARM.Collect$$libinit$$00000023)
    __rt_lib_init_lc_ctype_1                 0x000001cd   Thumb Code     0  libinit2.o(.ARM.Collect$$libinit$$00000013)
    __rt_lib_init_lc_monetary_1              0x000001cd   Thumb Code     0  libinit2.o(.ARM.Collect$$libinit$$00000015)
    __rt_lib_init_lc_numeric_1               0x000001cd   Thumb Code     0  libinit2.o(.ARM.Collect$$libinit$$00000017)
    __rt_lib_init_lc_time_1                  0x000001cd   Thumb Code     0  libinit2.o(.ARM.Collect$$libinit$$00000019)
    __rt_lib_init_return                     0x000001cd   Thumb Code     0  libinit2.o(.ARM.Collect$$libinit$$00000033)
    __rt_lib_init_signal_1                   0x000001cd   Thumb Code     0  libinit2.o(.ARM.Collect$$libinit$$0000001D)
    __rt_lib_init_stdio_1                    0x000001cd   Thumb Code     0  libinit2.o(.ARM.Collect$$libinit$$00000025)
    __rt_lib_shutdown                        0x000001cf   Thumb Code     0  libshutdown.o(.ARM.Collect$$libshutdown$$00000000)
    __rt_lib_shutdown_cpp_1                  0x000001d1   Thumb Code     0  libshutdown2.o(.ARM.Collect$$libshutdown$$00000004)
    __rt_lib_shutdown_fini_1                 0x000001d1   Thumb Code     0  libshutdown2.o(.ARM.Collect$$libshutdown$$00000002)
    __rt_lib_shutdown_fp_trap_1              0x000001d1   Thumb Code     0  libshutdown2.o(.ARM.Collect$$libshutdown$$00000009)
    __rt_lib_shutdown_heap_1                 0x000001d1   Thumb Code     0  libshutdown2.o(.ARM.Collect$$libshutdown$$00000011)
    __rt_lib_shutdown_return                 0x000001d1   Thumb Code     0  libshutdown2.o(.ARM.Collect$$libshutdown$$00000012)
    __rt_lib_shutdown_signal_1               0x000001d1   Thumb Code     0  libshutdown2.o(.ARM.Collect$$libshutdown$$0000000C)
    __rt_lib_shutdown_stdio_1                0x000001d1   Thumb Code     0  libshutdown2.o(.ARM.Collect$$libshutdown$$00000006)
    __rt_lib_shutdown_user_alloc_1           0x000001d1   Thumb Code     0  libshutdown2.o(.ARM.Collect$$libshutdown$$0000000E)
    __rt_entry                               0x000001d3   Thumb Code     0  __rtentry.o(.ARM.Collect$$rtentry$$00000000)
    __rt_entry_presh_1                       0x000001d3   Thumb Code     0  __rtentry2.o(.ARM.Collect$$rtentry$$00000002)
    __rt_entry_sh                            0x000001d3   Thumb Code     0  __rtentry4.o(.ARM.Collect$$rtentry$$00000004)
    __rt_entry_li                            0x000001d9   Thumb Code     0  __rtentry2.o(.ARM.Collect$$rtentry$$0000000A)
    __rt_entry_postsh_1                      0x000001d9   Thumb Code     0  __rtentry2.o(.ARM.Collect$$rtentry$$00000009)
    __rt_entry_main                          0x000001dd   Thumb Code     0  __rtentry2.o(.ARM.Collect$$rtentry$$0000000D)
    __rt_entry_postli_1                      0x000001dd   Thumb Code     0  __rtentry2.o(.ARM.Collect$$rtentry$$0000000C)
    __rt_exit                                0x000001e5   Thumb Code     0  rtexit.o(.ARM.Collect$$rtexit$$00000000)
    __rt_exit_ls                             0x000001e7   Thumb Code     0  rtexit2.o(.ARM.Collect$$rtexit$$00000003)
    __rt_exit_prels_1                        0x000001e7   Thumb Code     0  rtexit2.o(.ARM.Collect$$rtexit$$00000002)
    __rt_exit_exit                           0x000001eb   Thumb Code     0  rtexit2.o(.ARM.Collect$$rtexit$$00000004)
    Reset_Handler                            0x000001f1   Thumb Code     4  startup_lpc17xx.o(.text)
    NMI_Handler                              0x000001f5   Thumb Code     2  startup_lpc17xx.o(.text)
    HardFault_Handler                        0x000001f7   Thumb Code     2  startup_lpc17xx.o(.text)
    MemManage_Handler                        0x000001f9   Thumb Code     2  startup_lpc17xx.o(.text)
    BusFault_Handler                         0x000001fb   Thumb Code     2  startup_lpc17xx.o(.text)
    UsageFault_Handler                       0x000001fd   Thumb Code     2  startup_lpc17xx.o(.text)
    SVC_Handler                              0x000001ff   Thumb Code     2  startup_lpc17xx.o(.text)
    DebugMon_Handler                         0x00000201   Thumb Code     2  startup_lpc17xx.o(.text)
    PendSV_Handler                           0x00000203   Thumb Code     2  startup_lpc17xx.o(.text)
    SysTick_Handler                          0x00000205   Thumb Code     2  startup_lpc17xx.o(.text)
    BOD_IRQHandler                           0x00000207   Thumb Code     0  startup_lpc17xx.o(.text)
    CANActivity_IRQHandler                   0x00000207   Thumb Code     0  startup_lpc17xx.o(.text)
    CAN_IRQHandler                           0x00000207   Thumb Code     0  startup_lpc17xx.o(.text)
    DMA_IRQHandler                           0x00000207   Thumb Code     0  startup_lpc17xx.o(.text)
    EINT0_IRQHandler                         0x00000207   Thumb Code     0  startup_lpc17xx.o(.text)
    EINT1_IRQHandler                         0x00000207   Thumb Code     0  startup_lpc17xx.o(.text)
    EINT2_IRQHandler                         0x00000207   Thumb Code     0  startup_lpc17xx.o(.text)
    EINT3_IRQHandler                         0x00000207   Thumb Code     0  startup_lpc17xx.o(.text)
    ENET_IRQHandler                          0x00000207   Thumb Code     0  startup_lpc17xx.o(.text)
    I2C0_IRQHandler                          0x00000207   Thumb Code     0  startup_lpc17xx.o(.text)
    I2C1_IRQHandler                          0x00000207   Thumb Code     0  startup_lpc17xx.o(.text)
    I2C2_IRQHandler                          0x00000207   Thumb Code     0  startup_lpc17xx.o(.text)
    I2S_IRQHandler                           0x00000207   Thumb Code     0  startup_lpc17xx.o(.text)
    MCPWM_IRQHandler                         0x00000207   Thumb Code     0  startup_lpc17xx.o(.text)
    PLL0_IRQHandler                          0x00000207   Thumb Code     0  startup_lpc17xx.o(.text)
    PLL1_IRQHandler                          0x00000207   Thumb Code     0  startup_lpc17xx.o(.text)
    PWM1_IRQHandler                          0x00000207   Thumb Code     0  startup_lpc17xx.o(.text)
    QEI_IRQHandler                           0x00000207   Thumb Code     0  startup_lpc17xx.o(.text)
    RTC_IRQHandler                           0x00000207   Thumb Code     0  startup_lpc17xx.o(.text)
    SPI_IRQHandler                           0x00000207   Thumb Code     0  startup_lpc17xx.o(.text)
    SSP0_IRQHandler                          0x00000207   Thumb Code     0  startup_lpc17xx.o(.text)
    SSP1_IRQHandler                          0x00000207   Thumb Code     0  startup_lpc17xx.o(.text)
    UART0_IRQHandler                         0x00000207   Thumb Code     0  startup_lpc17xx.o(.text)
    UART1_IRQHandler                         0x00000207   Thumb Code     0  startup_lpc17xx.o(.text)
    UART2_IRQHandler                         0x00000207   Thumb Code     0  startup_lpc17xx.o(.text)
    UART3_IRQHandler                         0x00000207   Thumb Code     0  startup_lpc17xx.o(.text)
    USBActivity_IRQHandler                   0x00000207   Thumb Code     0  startup_lpc17xx.o(.text)
    USB_IRQHandler                           0x00000207   Thumb Code     0  startup_lpc17xx.o(.text)
    WDT_IRQHandler                           0x00000207   Thumb Code     0  startup_lpc17xx.o(.text)
    __user_initial_stackheap                 0x00000209   Thumb Code     0  startup_lpc17xx.o(.text)
    GetASCIICode                             0x00000225   Thumb Code    26  asciilib.o(.text)
    joystick_init                            0x00000245   Thumb Code    26  lib_joystick.o(.text)
    __2sprintf                               0x00000269   Thumb Code    34  noretval__2sprintf.o(.text)
    _printf_pre_padding                      0x00000291   Thumb Code    44  _printf_pad.o(.text)
    _printf_post_padding                     0x000002bd   Thumb Code    34  _printf_pad.o(.text)
    __use_two_region_memory                  0x000002df   Thumb Code     2  heapauxi.o(.text)
    __rt_heap_escrow$2region                 0x000002e1   Thumb Code     2  heapauxi.o(.text)
    __rt_heap_expand$2region                 0x000002e3   Thumb Code     2  heapauxi.o(.text)
    _sputc                                   0x000002e5   Thumb Code    10  _sputc.o(.text)
    __rt_locale                              0x000002f1   Thumb Code     8  rt_locale_intlibspace.o(.text)
    __I$use$semihosting                      0x000002f9   Thumb Code     0  use_no_semi.o(.text)
    __use_no_semihosting_swi                 0x000002f9   Thumb Code     2  use_no_semi.o(.text)
    __I$use$fp                               0x000002fa   Number         0  usenofp.o(x$fpl$usenofp)
    __semihosting_library_function           0x000002fb   Thumb Code     0  indicate_semi.o(.text)
    main                                     0x00000301   Thumb Code   214  sample.o(.text)
    SystemInit                               0x00000409   Thumb Code   526  system_lpc17xx.o(.text)
    TIMER0_IRQHandler                        0x00000635   Thumb Code   328  irq_timer.o(.text)
    TIMER1_IRQHandler                        0x0000077d   Thumb Code   958  irq_timer.o(.text)
    TIMER2_IRQHandler                        0x00000b3b   Thumb Code    22  irq_timer.o(.text)
    TIMER3_IRQHandler                        0x00000b51   Thumb Code   108  irq_timer.o(.text)
    enable_timer                             0x00000c43   Thumb Code    48  lib_timer.o(.text)
    disable_timer                            0x00000c73   Thumb Code    48  lib_timer.o(.text)
    reset_timer                              0x00000ca3   Thumb Code    66  lib_timer.o(.text)
    init_timer                               0x00000ce5   Thumb Code   170  lib_timer.o(.text)
    Draw_Overlay_Happy                       0x00000da9   Thumb Code   142  utils.o(.text)
    Draw_Overlay_Angry                       0x00000e37   Thumb Code   106  utils.o(.text)
    Draw_Image                               0x00000ea1   Thumb Code    62  utils.o(.text)
    Draw_Battery                             0x00000edf   Thumb Code   328  utils.o(.text)
    Draw_Volume                              0x00001027   Thumb Code    96  utils.o(.text)
    Draw_Age                                 0x00001087   Thumb Code    50  utils.o(.text)
    reset_nigiri                             0x000010b9   Thumb Code   154  utils.o(.text)
    make_angry                               0x00001153   Thumb Code    86  utils.o(.text)
    play_sound                               0x000011a9   Thumb Code   192  utils.o(.text)
    wait                                     0x000017f3   Thumb Code     4  glcd.o(.text)
    LCD_WritePixel                           0x000017f7   Thumb Code    64  glcd.o(.text)
    LCD_WriteCommand                         0x00001837   Thumb Code    74  glcd.o(.text)
    LCD_ClearWindow                          0x00001881   Thumb Code   682  glcd.o(.text)
    LCD_Clear                                0x00001b2b   Thumb Code  1384  glcd.o(.text)
    LCD_SetBackground                        0x00002093   Thumb Code    16  glcd.o(.text)
    LCD_Initialization                       0x000020a3   Thumb Code 20218  glcd.o(.text)
    LCD_GetPoint                             0x00006fb7   Thumb Code   984  glcd.o(.text)
    LCD_SetPoint                             0x0000738f   Thumb Code   216  glcd.o(.text)
    LCD_DrawLine                             0x00007467   Thumb Code   250  glcd.o(.text)
    PutChar                                  0x00007561   Thumb Code   100  glcd.o(.text)
    PutCharHorizontal                        0x000075c5   Thumb Code   100  glcd.o(.text)
    GUI_Text                                 0x00007629   Thumb Code    80  glcd.o(.text)
    LCD_SetWindow                            0x00007679   Thumb Code  1080  glcd.o(.text)
    LCD_SetOrientation                       0x00007ab1   Thumb Code   378  glcd.o(.text)
    pixel                                    0x00007c2b   Thumb Code   132  glcd.o(.text)
    LCD_DrawCircle                           0x00007caf   Thumb Code    94  glcd.o(.text)
    LCD_DrawRectangle                        0x00007d0d   Thumb Code    58  glcd.o(.text)
    LCD_Darken                               0x00007d47   Thumb Code   310  glcd.o(.text)
    LCD_GetPixel                             0x00007e7d   Thumb Code   208  glcd.o(.text)
    LCD_GetBackground                        0x00007f4d   Thumb Code     6  glcd.o(.text)
    LCD_DrawEmptyRectangle                   0x00007f53   Thumb Code    94  glcd.o(.text)
    RIT_IRQHandler                           0x00007fb9   Thumb Code   826  irq_rit.o(.text)
    enable_RIT                               0x00008345   Thumb Code    14  lib_rit.o(.text)
    disable_RIT                              0x00008353   Thumb Code    14  lib_rit.o(.text)
    reset_RIT                                0x00008361   Thumb Code     8  lib_rit.o(.text)
    init_RIT                                 0x00008369   Thumb Code   134  lib_rit.o(.text)
    LPC17xx_SPI_SetSpeed                     0x00008405   Thumb Code    16  touchpanel.o(.text)
    TP_Init                                  0x00008495   Thumb Code    30  touchpanel.o(.text)
    Read_X                                   0x00008531   Thumb Code    42  touchpanel.o(.text)
    Read_Y                                   0x0000855b   Thumb Code    42  touchpanel.o(.text)
    TP_GetAdXY                               0x00008585   Thumb Code    34  touchpanel.o(.text)
    TP_DrawPoint                             0x000085a7   Thumb Code    20  touchpanel.o(.text)
    DrawCross                                0x000085bb   Thumb Code   356  touchpanel.o(.text)
    DeleteCross                              0x0000871f   Thumb Code   350  touchpanel.o(.text)
    Read_Ads7846                             0x0000887d   Thumb Code   502  touchpanel.o(.text)
    setCalibrationMatrix                     0x00008a73   Thumb Code   356  touchpanel.o(.text)
    getDisplayPoint                          0x00008bd7   Thumb Code   262  touchpanel.o(.text)
    TouchPanel_Calibrate                     0x00008cdd   Thumb Code   120  touchpanel.o(.text)
    ADC_IRQHandler                           0x00008d85   Thumb Code   172  irq_adc.o(.text)
    ADC_init                                 0x00008e51   Thumb Code   112  lib_adc.o(.text)
    ADC_start_conversion                     0x00008ec1   Thumb Code    14  lib_adc.o(.text)
    _printf_truncate_signed                  0x00008ee9   Thumb Code    18  _printf_truncate.o(.text)
    _printf_truncate_unsigned                0x00008efb   Thumb Code    18  _printf_truncate.o(.text)
    _printf_str                              0x00008f0d   Thumb Code    82  _printf_str.o(.text)
    _printf_int_dec                          0x00008f61   Thumb Code   104  _printf_dec.o(.text)
    _printf_wctomb                           0x00008fd9   Thumb Code   182  _printf_wctomb.o(.text)
    _printf_int_oct                          0x00009095   Thumb Code    72  _printf_oct_int.o(.text)
    _printf_longlong_oct                     0x00009095   Thumb Code     0  _printf_oct_int.o(.text)
    _printf_int_hex                          0x000090e5   Thumb Code    84  _printf_hex_int.o(.text)
    _printf_longlong_hex                     0x000090e5   Thumb Code     0  _printf_hex_int.o(.text)
    __printf                                 0x0000913d   Thumb Code   388  __printf_flags_ss_wp.o(.text)
    __aeabi_memcpy                           0x000092c5   Thumb Code     0  rt_memcpy_v6.o(.text)
    __rt_memcpy                              0x000092c5   Thumb Code   138  rt_memcpy_v6.o(.text)
    _memcpy_lastbytes                        0x0000932b   Thumb Code     0  rt_memcpy_v6.o(.text)
    __aeabi_memclr4                          0x0000934f   Thumb Code     0  rt_memclr_w.o(.text)
    __aeabi_memclr8                          0x0000934f   Thumb Code     0  rt_memclr_w.o(.text)
    __rt_memclr_w                            0x0000934f   Thumb Code    78  rt_memclr_w.o(.text)
    _memset_w                                0x00009353   Thumb Code     0  rt_memclr_w.o(.text)
    _printf_int_common                       0x0000939d   Thumb Code   178  _printf_intcommon.o(.text)
    _printf_char_common                      0x0000945b   Thumb Code    32  _printf_char_common.o(.text)
    _printf_cs_common                        0x00009481   Thumb Code    20  _printf_char.o(.text)
    _printf_char                             0x00009495   Thumb Code    16  _printf_char.o(.text)
    _printf_string                           0x000094a5   Thumb Code     8  _printf_char.o(.text)
    _printf_lcs_common                       0x000094ad   Thumb Code    20  _printf_wchar.o(.text)
    _printf_wchar                            0x000094c1   Thumb Code    16  _printf_wchar.o(.text)
    _printf_wstring                          0x000094d1   Thumb Code     8  _printf_wchar.o(.text)
    _wcrtomb                                 0x000094d9   Thumb Code    64  _wcrtomb.o(.text)
    __aeabi_memcpy4                          0x00009519   Thumb Code     0  rt_memcpy_w.o(.text)
    __aeabi_memcpy8                          0x00009519   Thumb Code     0  rt_memcpy_w.o(.text)
    __rt_memcpy_w                            0x00009519   Thumb Code   100  rt_memcpy_w.o(.text)
    _memcpy_lastbytes_aligned                0x00009561   Thumb Code     0  rt_memcpy_w.o(.text)
    __rt_ctype_table                         0x0000957d   Thumb Code    16  rt_ctype_table.o(.text)
    __user_setup_stackheap                   0x0000958d   Thumb Code    74  sys_stackheap_outer.o(.text)
    exit                                     0x000095d7   Thumb Code    18  exit.o(.text)
    __user_libspace                          0x000095e9   Thumb Code     8  libspace.o(.text)
    __user_perproc_libspace                  0x000095e9   Thumb Code     0  libspace.o(.text)
    __user_perthread_libspace                0x000095e9   Thumb Code     0  libspace.o(.text)
    strcmp                                   0x000095f1   Thumb Code   128  strcmpv7m.o(.text)
    _sys_exit                                0x00009671   Thumb Code     8  sys_exit.o(.text)
    _is_digit                                0x0000967d   Thumb Code    14  __printf_wp.o(i._is_digit)
    _get_lc_ctype                            0x0000968d   Thumb Code    44  lc_ctype_c.o(locale$$code)
    __aeabi_dadd                             0x000096b9   Thumb Code     0  daddsub_clz.o(x$fpl$dadd)
    _dadd                                    0x000096b9   Thumb Code   332  daddsub_clz.o(x$fpl$dadd)
    __fpl_dcmp_Inf                           0x00009809   Thumb Code    24  dcmpi.o(x$fpl$dcmpinf)
    __aeabi_ddiv                             0x00009821   Thumb Code     0  ddiv.o(x$fpl$ddiv)
    _ddiv                                    0x00009821   Thumb Code   552  ddiv.o(x$fpl$ddiv)
    __aeabi_cdcmpeq                          0x00009ad1   Thumb Code     0  deqf.o(x$fpl$deqf)
    _dcmpeq                                  0x00009ad1   Thumb Code   120  deqf.o(x$fpl$deqf)
    __aeabi_d2uiz                            0x00009b49   Thumb Code     0  dfixu.o(x$fpl$dfixu)
    _dfixu                                   0x00009b49   Thumb Code    90  dfixu.o(x$fpl$dfixu)
    __aeabi_i2d                              0x00009ba3   Thumb Code     0  dflt_clz.o(x$fpl$dflt)
    _dflt                                    0x00009ba3   Thumb Code    46  dflt_clz.o(x$fpl$dflt)
    __aeabi_ui2d                             0x00009bd1   Thumb Code     0  dflt_clz.o(x$fpl$dfltu)
    _dfltu                                   0x00009bd1   Thumb Code    38  dflt_clz.o(x$fpl$dfltu)
    __aeabi_dmul                             0x00009bf9   Thumb Code     0  dmul.o(x$fpl$dmul)
    _dmul                                    0x00009bf9   Thumb Code   332  dmul.o(x$fpl$dmul)
    __fpl_dnaninf                            0x00009d4d   Thumb Code   156  dnaninf.o(x$fpl$dnaninf)
    __fpl_dretinf                            0x00009de9   Thumb Code    12  dretinf.o(x$fpl$dretinf)
    __aeabi_dsub                             0x00009df5   Thumb Code     0  daddsub_clz.o(x$fpl$dsub)
    _dsub                                    0x00009df5   Thumb Code   464  daddsub_clz.o(x$fpl$dsub)
    Region$$Table$$Base                      0x0002a05c   Number         0  anon$$obj.o(Region$$Table)
    Region$$Table$$Limit                     0x0002a08c   Number         0  anon$$obj.o(Region$$Table)
    __ctype                                  0x0002a099   Data           0  lc_ctype_c.o(locale$$data)
    SystemFrequency                          0x2007c000   Data           4  system_lpc17xx.o(.data)
    SinTable1                                0x2007c024   Data          90  irq_timer.o(.data)
    SinTable2                                0x2007c07e   Data          90  irq_timer.o(.data)
    seconds                                  0x2007c108   Data           1  utils.o(.data)
    hours                                    0x2007c109   Data           1  utils.o(.data)
    minutes                                  0x2007c10a   Data           1  utils.o(.data)
    happiness                                0x2007c10b   Data           1  utils.o(.data)
    satiety                                  0x2007c10c   Data           1  utils.o(.data)
    element_selected                         0x2007c10d   Data           1  utils.o(.data)
    animation_active                         0x2007c10e   Data           1  utils.o(.data)
    reset                                    0x2007c10f   Data           1  utils.o(.data)
    satiety_countdown                        0x2007c110   Data           1  utils.o(.data)
    happiness_countdown                      0x2007c111   Data           1  utils.o(.data)
    play_music                               0x2007c112   Data           1  utils.o(.data)
    sound_on                                 0x2007c113   Data           1  utils.o(.data)
    volume_level                             0x2007c118   Data           8  utils.o(.data)
    nigiri_state                             0x2007c120   Data           1  utils.o(.data)
    display                                  0x2007c158   Data           4  touchpanel.o(.data)
    DisplaySample                            0x2007c15c   Data          12  touchpanel.o(.data)
    AD_current                               0x2007c18c   Data           2  irq_adc.o(.data)
    AD_last                                  0x2007c18e   Data           2  irq_adc.o(.data)
    matrix                                   0x2007c190   Data          56  touchpanel.o(.bss)
    ScreenSample                             0x2007c1c8   Data          12  touchpanel.o(.bss)
    __libspace_start                         0x2007c1d4   Data          96  libspace.o(.bss)
    __temporary_stack_top$libspace           0x2007c234   Data           0  libspace.o(.bss)



==============================================================================

Memory Map of the image

  Image Entry point : 0x000000cd

  Load Region LR_IROM1 (Base: 0x00000000, Size: 0x0002a32c, Max: 0x00080000, ABSOLUTE, COMPRESSED[0x0002a288])

    Execution Region ER_IROM1 (Exec base: 0x00000000, Load base: 0x00000000, Size: 0x0002a19c, Max: 0x00080000, ABSOLUTE)

    Exec Addr    Load Addr    Size         Type   Attr      Idx    E Section Name        Object

    0x00000000   0x00000000   0x000000cc   Data   RO            3    RESET               startup_lpc17xx.o
    0x000000cc   0x000000cc   0x00000008   Code   RO          619  * !!!main             c_w.l(__main.o)
    0x000000d4   0x000000d4   0x00000034   Code   RO          841    !!!scatter          c_w.l(__scatter.o)
    0x00000108   0x00000108   0x0000005a   Code   RO          839    !!dczerorl2         c_w.l(__dczerorl2.o)
    0x00000162   0x00000162   0x00000002   PAD
    0x00000164   0x00000164   0x0000001c   Code   RO          843    !!handler_zi        c_w.l(__scatter_zi.o)
    0x00000180   0x00000180   0x00000000   Code   RO          611    .ARM.Collect$$_printf_percent$$00000000  c_w.l(_printf_percent.o)
    0x00000180   0x00000180   0x00000006   Code   RO          608    .ARM.Collect$$_printf_percent$$00000008  c_w.l(_printf_i.o)
    0x00000186   0x00000186   0x00000006   Code   RO          609    .ARM.Collect$$_printf_percent$$00000009  c_w.l(_printf_d.o)
    0x0000018c   0x0000018c   0x00000006   Code   RO          610    .ARM.Collect$$_printf_percent$$0000000A  c_w.l(_printf_u.o)
    0x00000192   0x00000192   0x00000006   Code   RO          607    .ARM.Collect$$_printf_percent$$0000000B  c_w.l(_printf_o.o)
    0x00000198   0x00000198   0x00000006   Code   RO          606    .ARM.Collect$$_printf_percent$$0000000C  c_w.l(_printf_x.o)
    0x0000019e   0x0000019e   0x0000000a   Code   RO          657    .ARM.Collect$$_printf_percent$$00000012  c_w.l(_printf_l.o)
    0x000001a8   0x000001a8   0x00000006   Code   RO          605    .ARM.Collect$$_printf_percent$$00000013  c_w.l(_printf_c.o)
    0x000001ae   0x000001ae   0x00000006   Code   RO          612    .ARM.Collect$$_printf_percent$$00000015  c_w.l(_printf_lc.o)
    0x000001b4   0x000001b4   0x00000004   Code   RO          656    .ARM.Collect$$_printf_percent$$00000017  c_w.l(_printf_percent_end.o)
    0x000001b8   0x000001b8   0x00000002   Code   RO          705    .ARM.Collect$$libinit$$00000000  c_w.l(libinit.o)
    0x000001ba   0x000001ba   0x00000000   Code   RO          714    .ARM.Collect$$libinit$$00000002  c_w.l(libinit2.o)
    0x000001ba   0x000001ba   0x00000000   Code   RO          716    .ARM.Collect$$libinit$$00000004  c_w.l(libinit2.o)
    0x000001ba   0x000001ba   0x00000000   Code   RO          719    .ARM.Collect$$libinit$$0000000A  c_w.l(libinit2.o)
    0x000001ba   0x000001ba   0x00000000   Code   RO          721    .ARM.Collect$$libinit$$0000000C  c_w.l(libinit2.o)
    0x000001ba   0x000001ba   0x00000000   Code   RO          723    .ARM.Collect$$libinit$$0000000E  c_w.l(libinit2.o)
    0x000001ba   0x000001ba   0x00000006   Code   RO          724    .ARM.Collect$$libinit$$0000000F  c_w.l(libinit2.o)
    0x000001c0   0x000001c0   0x00000000   Code   RO          726    .ARM.Collect$$libinit$$00000011  c_w.l(libinit2.o)
    0x000001c0   0x000001c0   0x0000000c   Code   RO          727    .ARM.Collect$$libinit$$00000012  c_w.l(libinit2.o)
    0x000001cc   0x000001cc   0x00000000   Code   RO          728    .ARM.Collect$$libinit$$00000013  c_w.l(libinit2.o)
    0x000001cc   0x000001cc   0x00000000   Code   RO          730    .ARM.Collect$$libinit$$00000015  c_w.l(libinit2.o)
    0x000001cc   0x000001cc   0x00000000   Code   RO          732    .ARM.Collect$$libinit$$00000017  c_w.l(libinit2.o)
    0x000001cc   0x000001cc   0x00000000   Code   RO          734    .ARM.Collect$$libinit$$00000019  c_w.l(libinit2.o)
    0x000001cc   0x000001cc   0x00000000   Code   RO          736    .ARM.Collect$$libinit$$0000001B  c_w.l(libinit2.o)
    0x000001cc   0x000001cc   0x00000000   Code   RO          738    .ARM.Collect$$libinit$$0000001D  c_w.l(libinit2.o)
    0x000001cc   0x000001cc   0x00000000   Code   RO          740    .ARM.Collect$$libinit$$0000001F  c_w.l(libinit2.o)
    0x000001cc   0x000001cc   0x00000000   Code   RO          742    .ARM.Collect$$libinit$$00000021  c_w.l(libinit2.o)
    0x000001cc   0x000001cc   0x00000000   Code   RO          744    .ARM.Collect$$libinit$$00000023  c_w.l(libinit2.o)
    0x000001cc   0x000001cc   0x00000000   Code   RO          746    .ARM.Collect$$libinit$$00000025  c_w.l(libinit2.o)
    0x000001cc   0x000001cc   0x00000000   Code   RO          750    .ARM.Collect$$libinit$$0000002C  c_w.l(libinit2.o)
    0x000001cc   0x000001cc   0x00000000   Code   RO          752    .ARM.Collect$$libinit$$0000002E  c_w.l(libinit2.o)
    0x000001cc   0x000001cc   0x00000000   Code   RO          754    .ARM.Collect$$libinit$$00000030  c_w.l(libinit2.o)
    0x000001cc   0x000001cc   0x00000000   Code   RO          756    .ARM.Collect$$libinit$$00000032  c_w.l(libinit2.o)
    0x000001cc   0x000001cc   0x00000002   Code   RO          757    .ARM.Collect$$libinit$$00000033  c_w.l(libinit2.o)
    0x000001ce   0x000001ce   0x00000002   Code   RO          777    .ARM.Collect$$libshutdown$$00000000  c_w.l(libshutdown.o)
    0x000001d0   0x000001d0   0x00000000   Code   RO          790    .ARM.Collect$$libshutdown$$00000002  c_w.l(libshutdown2.o)
    0x000001d0   0x000001d0   0x00000000   Code   RO          792    .ARM.Collect$$libshutdown$$00000004  c_w.l(libshutdown2.o)
    0x000001d0   0x000001d0   0x00000000   Code   RO          794    .ARM.Collect$$libshutdown$$00000006  c_w.l(libshutdown2.o)
    0x000001d0   0x000001d0   0x00000000   Code   RO          797    .ARM.Collect$$libshutdown$$00000009  c_w.l(libshutdown2.o)
    0x000001d0   0x000001d0   0x00000000   Code   RO          800    .ARM.Collect$$libshutdown$$0000000C  c_w.l(libshutdown2.o)
    0x000001d0   0x000001d0   0x00000000   Code   RO          802    .ARM.Collect$$libshutdown$$0000000E  c_w.l(libshutdown2.o)
    0x000001d0   0x000001d0   0x00000000   Code   RO          805    .ARM.Collect$$libshutdown$$00000011  c_w.l(libshutdown2.o)
    0x000001d0   0x000001d0   0x00000002   Code   RO          806    .ARM.Collect$$libshutdown$$00000012  c_w.l(libshutdown2.o)
    0x000001d2   0x000001d2   0x00000000   Code   RO          645    .ARM.Collect$$rtentry$$00000000  c_w.l(__rtentry.o)
    0x000001d2   0x000001d2   0x00000000   Code   RO          670    .ARM.Collect$$rtentry$$00000002  c_w.l(__rtentry2.o)
    0x000001d2   0x000001d2   0x00000006   Code   RO          682    .ARM.Collect$$rtentry$$00000004  c_w.l(__rtentry4.o)
    0x000001d8   0x000001d8   0x00000000   Code   RO          672    .ARM.Collect$$rtentry$$00000009  c_w.l(__rtentry2.o)
    0x000001d8   0x000001d8   0x00000004   Code   RO          673    .ARM.Collect$$rtentry$$0000000A  c_w.l(__rtentry2.o)
    0x000001dc   0x000001dc   0x00000000   Code   RO          675    .ARM.Collect$$rtentry$$0000000C  c_w.l(__rtentry2.o)
    0x000001dc   0x000001dc   0x00000008   Code   RO          676    .ARM.Collect$$rtentry$$0000000D  c_w.l(__rtentry2.o)
    0x000001e4   0x000001e4   0x00000002   Code   RO          709    .ARM.Collect$$rtexit$$00000000  c_w.l(rtexit.o)
    0x000001e6   0x000001e6   0x00000000   Code   RO          759    .ARM.Collect$$rtexit$$00000002  c_w.l(rtexit2.o)
    0x000001e6   0x000001e6   0x00000004   Code   RO          760    .ARM.Collect$$rtexit$$00000003  c_w.l(rtexit2.o)
    0x000001ea   0x000001ea   0x00000006   Code   RO          761    .ARM.Collect$$rtexit$$00000004  c_w.l(rtexit2.o)
    0x000001f0   0x000001f0   0x00000034   Code   RO            5    .text               startup_lpc17xx.o
    0x00000224   0x00000224   0x00000020   Code   RO          260    .text               asciilib.o
    0x00000244   0x00000244   0x00000024   Code   RO          425    .text               lib_joystick.o
    0x00000268   0x00000268   0x00000028   Code   RO          543    .text               c_w.l(noretval__2sprintf.o)
    0x00000290   0x00000290   0x0000004e   Code   RO          547    .text               c_w.l(_printf_pad.o)
    0x000002de   0x000002de   0x00000006   Code   RO          617    .text               c_w.l(heapauxi.o)
    0x000002e4   0x000002e4   0x0000000a   Code   RO          650    .text               c_w.l(_sputc.o)
    0x000002ee   0x000002ee   0x00000002   PAD
    0x000002f0   0x000002f0   0x00000008   Code   RO          693    .text               c_w.l(rt_locale_intlibspace.o)
    0x000002f8   0x000002f8   0x00000002   Code   RO          780    .text               c_w.l(use_no_semi.o)
    0x000002fa   0x000002fa   0x00000000   Code   RO          782    .text               c_w.l(indicate_semi.o)
    0x000002fa   0x000002fa   0x00000000   Code   RO          668    x$fpl$usenofp       fz_ws.l(usenofp.o)
    0x000002fa   0x000002fa   0x00000002   PAD
    0x000002fc   0x000002fc   0x00000004   Code   RO            4    .ARM.__at_0x02FC    startup_lpc17xx.o
    0x00000300   0x00000300   0x00000108   Code   RO           16    .text               sample.o
    0x00000408   0x00000408   0x0000022c   Code   RO          107    .text               system_lpc17xx.o
    0x00000634   0x00000634   0x000005cc   Code   RO          134    .text               irq_timer.o
    0x00000c00   0x00000c00   0x000001a8   Code   RO          185    .text               lib_timer.o
    0x00000da8   0x00000da8   0x000004c0   Code   RO          213    .text               utils.o
    0x00001268   0x00001268   0x00006d50   Code   RO          280    .text               glcd.o
    0x00007fb8   0x00007fb8   0x0000038c   Code   RO          326    .text               irq_rit.o
    0x00008344   0x00008344   0x000000c0   Code   RO          373    .text               lib_rit.o
    0x00008404   0x00008404   0x00000980   Code   RO          449    .text               touchpanel.o
    0x00008d84   0x00008d84   0x000000cc   Code   RO          483    .text               irq_adc.o
    0x00008e50   0x00008e50   0x00000098   Code   RO          518    .text               lib_adc.o
    0x00008ee8   0x00008ee8   0x00000024   Code   RO          549    .text               c_w.l(_printf_truncate.o)
    0x00008f0c   0x00008f0c   0x00000052   Code   RO          551    .text               c_w.l(_printf_str.o)
    0x00008f5e   0x00008f5e   0x00000002   PAD
    0x00008f60   0x00008f60   0x00000078   Code   RO          553    .text               c_w.l(_printf_dec.o)
    0x00008fd8   0x00008fd8   0x000000bc   Code   RO          555    .text               c_w.l(_printf_wctomb.o)
    0x00009094   0x00009094   0x00000050   Code   RO          560    .text               c_w.l(_printf_oct_int.o)
    0x000090e4   0x000090e4   0x00000058   Code   RO          567    .text               c_w.l(_printf_hex_int.o)
    0x0000913c   0x0000913c   0x00000188   Code   RO          602    .text               c_w.l(__printf_flags_ss_wp.o)
    0x000092c4   0x000092c4   0x0000008a   Code   RO          613    .text               c_w.l(rt_memcpy_v6.o)
    0x0000934e   0x0000934e   0x0000004e   Code   RO          615    .text               c_w.l(rt_memclr_w.o)
    0x0000939c   0x0000939c   0x000000b2   Code   RO          646    .text               c_w.l(_printf_intcommon.o)
    0x0000944e   0x0000944e   0x00000002   PAD
    0x00009450   0x00009450   0x00000030   Code   RO          648    .text               c_w.l(_printf_char_common.o)
    0x00009480   0x00009480   0x0000002c   Code   RO          652    .text               c_w.l(_printf_char.o)
    0x000094ac   0x000094ac   0x0000002c   Code   RO          654    .text               c_w.l(_printf_wchar.o)
    0x000094d8   0x000094d8   0x00000040   Code   RO          658    .text               c_w.l(_wcrtomb.o)
    0x00009518   0x00009518   0x00000064   Code   RO          660    .text               c_w.l(rt_memcpy_w.o)
    0x0000957c   0x0000957c   0x00000010   Code   RO          684    .text               c_w.l(rt_ctype_table.o)
    0x0000958c   0x0000958c   0x0000004a   Code   RO          688    .text               c_w.l(sys_stackheap_outer.o)
    0x000095d6   0x000095d6   0x00000012   Code   RO          698    .text               c_w.l(exit.o)
    0x000095e8   0x000095e8   0x00000008   Code   RO          706    .text               c_w.l(libspace.o)
    0x000095f0   0x000095f0   0x00000080   Code   RO          711    .text               c_w.l(strcmpv7m.o)
    0x00009670   0x00009670   0x0000000c   Code   RO          769    .text               c_w.l(sys_exit.o)
    0x0000967c   0x0000967c   0x0000000e   Code   RO          595    i._is_digit         c_w.l(__printf_wp.o)
    0x0000968a   0x0000968a   0x00000002   PAD
    0x0000968c   0x0000968c   0x0000002c   Code   RO          696    locale$$code        c_w.l(lc_ctype_c.o)
    0x000096b8   0x000096b8   0x00000150   Code   RO          621    x$fpl$dadd          fz_ws.l(daddsub_clz.o)
    0x00009808   0x00009808   0x00000018   Code   RO          662    x$fpl$dcmpinf       fz_ws.l(dcmpi.o)
    0x00009820   0x00009820   0x000002b0   Code   RO          628    x$fpl$ddiv          fz_ws.l(ddiv.o)
    0x00009ad0   0x00009ad0   0x00000078   Code   RO          631    x$fpl$deqf          fz_ws.l(deqf.o)
    0x00009b48   0x00009b48   0x0000005a   Code   RO          633    x$fpl$dfixu         fz_ws.l(dfixu.o)
    0x00009ba2   0x00009ba2   0x0000002e   Code   RO          638    x$fpl$dflt          fz_ws.l(dflt_clz.o)
    0x00009bd0   0x00009bd0   0x00000026   Code   RO          637    x$fpl$dfltu         fz_ws.l(dflt_clz.o)
    0x00009bf6   0x00009bf6   0x00000002   PAD
    0x00009bf8   0x00009bf8   0x00000154   Code   RO          643    x$fpl$dmul          fz_ws.l(dmul.o)
    0x00009d4c   0x00009d4c   0x0000009c   Code   RO          664    x$fpl$dnaninf       fz_ws.l(dnaninf.o)
    0x00009de8   0x00009de8   0x0000000c   Code   RO          666    x$fpl$dretinf       fz_ws.l(dretinf.o)
    0x00009df4   0x00009df4   0x000001d4   Code   RO          623    x$fpl$dsub          fz_ws.l(daddsub_clz.o)
    0x00009fc8   0x00009fc8   0x00007e98   Data   RO           17    .constdata          sample.o
    0x00011e60   0x00011e60   0x00007e98   Data   RO          135    .constdata          irq_timer.o
    0x00019cf8   0x00019cf8   0x00007e98   Data   RO          214    .constdata          utils.o
    0x00021b90   0x00021b90   0x000005f0   Data   RO          261    .constdata          asciilib.o
    0x00022180   0x00022180   0x00007e98   Data   RO          327    .constdata          irq_rit.o
    0x0002a018   0x0002a018   0x00000008   Data   RO          556    .constdata          c_w.l(_printf_wctomb.o)
    0x0002a020   0x0002a020   0x00000028   Data   RO          568    .constdata          c_w.l(_printf_hex_int.o)
    0x0002a048   0x0002a048   0x00000011   Data   RO          603    .constdata          c_w.l(__printf_flags_ss_wp.o)
    0x0002a059   0x0002a059   0x00000003   PAD
    0x0002a05c   0x0002a05c   0x00000030   Data   RO          837    Region$$Table       anon$$obj.o
    0x0002a08c   0x0002a08c   0x00000110   Data   RO          695    locale$$data        c_w.l(lc_ctype_c.o)


    Execution Region RW_IRAM1 (Exec base: 0x10000000, Load base: 0x0002a19c, Size: 0x00000350, Max: 0x00008000, ABSOLUTE)

    Exec Addr    Load Addr    Size         Type   Attr      Idx    E Section Name        Object

    0x10000000        -       0x00000350   Zero   RW            1    STACK               startup_lpc17xx.o


    Execution Region RW_IRAM2 (Exec base: 0x2007c000, Load base: 0x0002a19c, Size: 0x00000238, Max: 0x00008000, ABSOLUTE, COMPRESSED[0x000000ec])

    Exec Addr    Load Addr    Size         Type   Attr      Idx    E Section Name        Object

    0x2007c000   COMPRESSED   0x00000004   Data   RW          108    .data               system_lpc17xx.o
    0x2007c004   COMPRESSED   0x000000e0   Data   RW          136    .data               irq_timer.o
    0x2007c0e4   COMPRESSED   0x00000004   PAD
    0x2007c0e8   COMPRESSED   0x00000039   Data   RW          215    .data               utils.o
    0x2007c121   COMPRESSED   0x00000001   PAD
    0x2007c122   COMPRESSED   0x00000004   Data   RW          281    .data               glcd.o
    0x2007c126   COMPRESSED   0x00000002   PAD
    0x2007c128   COMPRESSED   0x00000030   Data   RW          328    .data               irq_rit.o
    0x2007c158   COMPRESSED   0x00000014   Data   RW          451    .data               touchpanel.o
    0x2007c16c   COMPRESSED   0x00000024   Data   RW          485    .data               irq_adc.o
    0x2007c190        -       0x00000044   Zero   RW          450    .bss                touchpanel.o
    0x2007c1d4        -       0x00000060   Zero   RW          707    .bss                c_w.l(libspace.o)
    0x2007c234   COMPRESSED   0x00000004   PAD
    0x2007c238        -       0x00000000   Zero   RW            2    HEAP                startup_lpc17xx.o


==============================================================================

Image component sizes


      Code (inc. data)   RO Data    RW Data    ZI Data      Debug   Object Name

        32          6       1520          0          0       1103   asciilib.o
     27984        164          0          4          0      68257   glcd.o
       204         32          0         36          0       2990   irq_adc.o
       908         82      32408         48          0       3261   irq_rit.o
      1484        132      32408        224          0      21440   irq_timer.o
       152         26          0          0          0        876   lib_adc.o
        36         10          0          0          0        456   lib_joystick.o
       192         22          0          0          0      27567   lib_rit.o
       424         26          0          0          0       1776   lib_timer.o
       264         50      32408          0          0       7407   sample.o
        56         22        204          0        848       1060   startup_lpc17xx.o
       556         30          0          4          0        871   system_lpc17xx.o
      2432         72          0         20         68       6262   touchpanel.o
      1216        142      32408         57          0       5514   utils.o

    ----------------------------------------------------------------------
     35940        816     131404        400        916     148840   Object Totals
         0          0         48          0          0          0   (incl. Generated)
         0          0          0          7          0          0   (incl. Padding)

    ----------------------------------------------------------------------

      Code (inc. data)   RO Data    RW Data    ZI Data      Debug   Library Member Name

        90          0          0          0          0          0   __dczerorl2.o
         8          0          0          0          0         68   __main.o
       392          4         17          0          0         92   __printf_flags_ss_wp.o
        14          0          0          0          0         68   __printf_wp.o
         0          0          0          0          0          0   __rtentry.o
        12          0          0          0          0          0   __rtentry2.o
         6          0          0          0          0          0   __rtentry4.o
        52          8          0          0          0          0   __scatter.o
        28          0          0          0          0          0   __scatter_zi.o
         6          0          0          0          0          0   _printf_c.o
        44          0          0          0          0        108   _printf_char.o
        48          6          0          0          0         96   _printf_char_common.o
         6          0          0          0          0          0   _printf_d.o
       120         16          0          0          0         92   _printf_dec.o
        88          4         40          0          0         88   _printf_hex_int.o
         6          0          0          0          0          0   _printf_i.o
       178          0          0          0          0         88   _printf_intcommon.o
        10          0          0          0          0          0   _printf_l.o
         6          0          0          0          0          0   _printf_lc.o
         6          0          0          0          0          0   _printf_o.o
        80          8          0          0          0         88   _printf_oct_int.o
        78          0          0          0          0        108   _printf_pad.o
         0          0          0          0          0          0   _printf_percent.o
         4          0          0          0          0          0   _printf_percent_end.o
        82          0          0          0          0         80   _printf_str.o
        36          0          0          0          0         84   _printf_truncate.o
         6          0          0          0          0          0   _printf_u.o
        44          0          0          0          0        108   _printf_wchar.o
       188          6          8          0          0         92   _printf_wctomb.o
         6          0          0          0          0          0   _printf_x.o
        10          0          0          0          0         68   _sputc.o
        64          0          0          0          0         92   _wcrtomb.o
        18          0          0          0          0         80   exit.o
         6          0          0          0          0        152   heapauxi.o
         0          0          0          0          0          0   indicate_semi.o
        44         10        272          0          0         76   lc_ctype_c.o
         2          0          0          0          0          0   libinit.o
        20          0          0          0          0          0   libinit2.o
         2          0          0          0          0          0   libshutdown.o
         2          0          0          0          0          0   libshutdown2.o
         8          4          0          0         96         68   libspace.o
        40          6          0          0          0         84   noretval__2sprintf.o
        16          4          0          0          0         76   rt_ctype_table.o
         8          4          0          0          0         68   rt_locale_intlibspace.o
        78          0          0          0          0         80   rt_memclr_w.o
       138          0          0          0          0         68   rt_memcpy_v6.o
       100          0          0          0          0         80   rt_memcpy_w.o
         2          0          0          0          0          0   rtexit.o
        10          0          0          0          0          0   rtexit2.o
       128          0          0          0          0         68   strcmpv7m.o
        12          4          0          0          0         68   sys_exit.o
        74          0          0          0          0         80   sys_stackheap_outer.o
         2          0          0          0          0         68   use_no_semi.o
       804         16          0          0          0        272   daddsub_clz.o
        24          0          0          0          0         68   dcmpi.o
       688        140          0          0          0        208   ddiv.o
       120          4          0          0          0         92   deqf.o
        90          4          0          0          0         92   dfixu.o
        84          0          0          0          0        136   dflt_clz.o
       340         12          0          0          0        104   dmul.o
       156          4          0          0          0         92   dnaninf.o
        12          0          0          0          0         68   dretinf.o
         0          0          0          0          0          0   usenofp.o

    ----------------------------------------------------------------------
      4760        264        340          0        100       3668   Library Totals
        14          0          3          0          4          0   (incl. Padding)

    ----------------------------------------------------------------------

      Code (inc. data)   RO Data    RW Data    ZI Data      Debug   Library Name

      2428         84        337          0         96       2536   c_w.l
      2318        180          0          0          0       1132   fz_ws.l

    ----------------------------------------------------------------------
      4760        264        340          0        100       3668   Library Totals

    ----------------------------------------------------------------------

==============================================================================


      Code (inc. data)   RO Data    RW Data    ZI Data      Debug   

     40700       1080     131744        400       1016     149800   Grand Totals
     40700       1080     131744        236       1016     149800   ELF Image Totals (compressed)
     40700       1080     131744        236          0          0   ROM Totals

==============================================================================

    Total RO  Size (Code + RO Data)               172444 ( 168.40kB)
    Total RW  Size (RW Data + ZI Data)              1416 (   1.38kB)
    Total ROM Size (Code + RO Data + RW Data)     172680 ( 168.63kB)

==============================================================================

